// Jest Snapshot v1, https://goo.gl/fbAQLP

exports[`Homepage renders Matches DOM Snapshot 1`] = `
<div
  className="homepage-container"
>
  <div
    className="welcome-message"
  >
    <div
      className="homepage-title"
    >
      <h1>
        Welcome to the online store that 
        <span>
          delivers
        </span>
      </h1>
    </div>
    <div
      className="homepage-content"
    >
      <div>
        <p>
          Only the most 
          <span>
            high quality
          </span>
        </p>
        <p>
          fresh
        </p>
        <p>
          fast-fashion 
          <span>
            clothing
          </span>
        </p>
      </div>
    </div>
  </div>
  <div
    className="shop-button"
  >
    <a
      href="/shop"
      onClick={[Function]}
    >
      <button>
        Shop Now
      </button>
    </a>
  </div>
</div>
`;
