// Jest Snapshot v1, https://goo.gl/fbAQLP

exports[`Shop page renders Matches DOM Snapshot 1`] = `
<div
  className="shop-container"
>
  <div
    className="sidebar-container"
  >
    <div>
      <p>
        Filters:
      </p>
    </div>
    <div
      className="sidebar-buttons"
    >
      <button>
        Men's Clothing
      </button>
      <button>
        Women's Clothing
      </button>
      <button>
        Jewelery
      </button>
    </div>
  </div>
  <div
    className="shop-page-container"
  />
</div>
`;
